python :   File "<string>", line 11
At line:1 char:54
+ cd 'C:\Users\Colli\Downloads\mtg-theme-deckbuilder'; python -c "
+                                                      ~~~~~~~~~~~
    + CategoryInfo          : NotSpecified: (  File "<string>", line 11:String 
   ) [], RemoteException
    + FullyQualifiedErrorId : NativeCommandError
 
    print(f'Status: {health[" status\]}')
                            ^
SyntaxError: unterminated string literal (detected at line 11)
